{
  "sample_count": 3448,
  "positive_rate": 0.1441,
  "auc": 0.9998,
  "feature_names": [
    "log_popularity",
    "rating",
    "free_access",
    "curriculum_graph",
    "itemcf_similarity",
    "platform_preference",
    "course_downstream_value",
    "major_alignment"
  ],
  "choice": "Hybrid recall + TF-IDF ItemCF + lightweight logistic ranker; CPU-only, no heavy GPU/vector DB dependency."
}
{
  "started_at": "2026-09-20T23:58:07",
  "finished_at": "2026-09-20T23:59:25",
  "results": [
    {
      "domain": "video",
      "source": "B站",
      "inserted": 50,
      "skipped": 40,
      "target": 50,
      "ok": true,
      "message": "ok",
      "new_count": 35,
      "updated_count": 15
    },
    {
      "domain": "video",
      "source": "MOOC",
      "inserted": 0,
      "skipped": 0,
      "target": 50,
      "ok": false,
      "message": "未达到目标数量：公开搜索未返回可回读课程页，或课程页无法验证近 6 年公开日期（需要平台授权接口/导出文件）",
      "new_count": 0,
      "updated_count": 0
    },
    {
      "domain": "video",
      "source": "极客时间",
      "inserted": 0,
      "skipped": 0,
      "target": 50,
      "ok": false,
      "message": "未达到目标数量：公开搜索未返回可回读课程页，或课程页无法验证近 6 年公开日期（需要平台授权接口/导出文件）",
      "new_count": 0,
      "updated_count": 0
    },
    {
      "domain": "job",
      "source": "拉勾网+BOSS直聘",
      "inserted": 0,
      "skipped": 0,
      "target": 200,
      "ok": false,
      "message": "拉勾网:Java 后端:公开页面返回验证码/风控页，未获得业务数据; BOSS直聘:Python 开发:公开页面返回验证码/风控页，未获得业务数据",
      "new_count": 0,
      "updated_count": 0
    },
    {
      "domain": "exam",
      "source": "湖南研招单位-研招网官方硕士目录",
      "inserted": 31,
      "skipped": 0,
      "target": 31,
      "ok": true,
      "message": "研招网2027官方硕士目录：湖南实际开设 31 个可报考学校-专业组合，理论全矩阵为 145；成功保存 31 条，未解析 0 个",
      "new_count": 3,
      "updated_count": 28
    }
  ],
  "success": false,
  "success_definition": "仅当每个数据源本次新增或更新达到目标数量时才算成功",
  "evaluation": {
    "precision@5": 0.16,
    "recall@5": 0.0011,
    "hit_rate@5": 0.4,
    "ndcg@5": 0.1661,
    "recall_full": 0.0836,
    "major_fit": 1.0,
    "current_term_fit": 0.2591,
    "next_term_fit": 0.1719,
    "advanced_fit": 0.4611,
    "course_coverage_rate": 0.9107,
    "catalog_coverage": 0.0133,
    "platform_diversity": 0.4,
    "covered_course_count": 33.0
  }
}
